Circuit: * C:\Users\simon\Documents\ultrazohm_carrierboard\Simulation\PowerSupply_Input_v4\strombegrenzung_cb_dmp4015sss.asc

Instance "m:u2:1": Width narrower than recommended for a level 3 MOSFET.
Instance "m:u1:1": Width narrower than recommended for a level 3 MOSFET.
Direct Newton iteration failed to find .op point.  (Use ".option noopiter" to skip.)
Starting Gmin stepping
Gmin = 10
Gmin = 1.07374
Gmin = 0.115292
Gmin = 0.0123794
Gmin = 0.00132923
Gmin = 0.000142725
Gmin = 1.5325e-005
Gmin = 1.6455e-006
Gmin = 1.76685e-007
Gmin = 1.89714e-008
Gmin = 2.03704e-009
Gmin = 2.18725e-010
Gmin = 2.34854e-011
Gmin = 2.52173e-012
Gmin = 2.70769e-013
Gmin = 0
Gmin stepping succeeded in finding the operating point.


Date: Tue Dec 29 22:54:05 2020
Total elapsed time: 41.235 seconds.

tnom = 27
temp = 27
method = modified trap
totiter = 252329
traniter = 251942
tranpoints = 114988
accept = 114689
rejected = 299
matrix size = 63
fillins = 34
solver = Normal
Matrix Compiler1: 5.27 KB object code size  7.9/4.6/[2.4]
Matrix Compiler2: 5.64 KB object code size  4.2/8.2/[2.9]

